{
    "testHello-0": [
        {
            "insert": "hello world"
        }
    ],
    "testCompose-0": [
        {
            "insert": "hello world"
        }
    ],
    "testToArray-0": {
        "ops": [
            {
                "insert": "hello world"
            }
        ]
    },
    "testToString-0": "{\"ops\":[{\"insert\":\"hello world\"}]}"
}